| alamofire.swift:91:27:91:27 | .result | external |
| alamofire.swift:99:27:99:27 | .result | external |
| alamofire.swift:344:23:344:32 | .data | external |
| alamofire.swift:351:22:351:31 | .value | external |
| alamofire.swift:358:23:358:32 | .value | external |
| alamofire.swift:365:22:365:31 | .value | external |
| alamofire.swift:372:23:372:32 | .value | external |
| alamofire.swift:379:28:379:37 | .value | external |
| alamofire.swift:389:28:389:55 | call to String.init(contentsOfFile:) | external |
| alamofire.swift:396:22:396:31 | .value | external |
| alamofire.swift:403:22:403:31 | .value | external |
| alamofire.swift:404:28:404:50 | call to String.init(contentsOf:) | external |
| alamofire.swift:411:23:411:32 | .value | external |
| alamofire.swift:418:22:418:31 | .value | external |
| alamofire.swift:425:23:425:32 | .value | external |
| alamofire.swift:431:28:431:37 | .value | external |
| alamofire.swift:448:20:448:49 | call to String.init(contentsOfFile:) | external |
| alamofire.swift:455:23:455:32 | .data | external |
| alamofire.swift:461:23:461:32 | .data | external |
| customurlschemes.swift:53:44:53:54 | url | external |
| customurlschemes.swift:57:52:57:68 | url | external |
| customurlschemes.swift:61:52:61:62 | url | external |
| customurlschemes.swift:66:9:66:28 | ...[...] | Remote URL in UIApplicationDelegate.application.launchOptions |
| customurlschemes.swift:71:9:71:28 | ...[...] | Remote URL in UIApplicationDelegate.application.launchOptions |
| customurlschemes.swift:77:59:77:76 | options | external |
| customurlschemes.swift:78:28:78:38 | continue | external |
| customurlschemes.swift:79:28:79:39 | didUpdate | external |
| customurlschemes.swift:80:28:80:65 | openURLContexts | external |
| customurlschemes.swift:86:59:86:76 | options | external |
| customurlschemes.swift:87:28:87:38 | continue | external |
| customurlschemes.swift:88:28:88:39 | didUpdate | external |
| customurlschemes.swift:89:28:89:65 | openURLContexts | external |
| data.swift:18:20:18:54 | call to Data.init(contentsOf:options:) | external |
| file://:0:0:0:0 | .data | external |
| file://:0:0:0:0 | .result | external |
| file://:0:0:0:0 | .result | external |
| file://:0:0:0:0 | .source1 | external |
| file://:0:0:0:0 | .source1 | external |
| file://:0:0:0:0 | .source4 | external |
| file://:0:0:0:0 | .source9 | external |
| generics.swift:10:9:10:16 | .source1 | external |
| generics.swift:11:9:11:16 | .source2 | external |
| generics.swift:12:9:12:24 | call to source3() | external |
| generics.swift:48:9:48:17 | .source1 | external |
| generics.swift:49:9:49:17 | .source2 | external |
| generics.swift:50:9:50:25 | call to source3() | external |
| generics.swift:51:9:51:18 | .source1 | external |
| generics.swift:52:9:52:18 | .source2 | external |
| generics.swift:53:9:53:26 | call to source3() | external |
| generics.swift:54:9:54:17 | .source1 | external |
| generics.swift:55:9:55:17 | .source2 | external |
| generics.swift:56:9:56:25 | call to source3() | external |
| generics.swift:57:9:57:17 | .source4 | external |
| generics.swift:58:9:58:17 | .source5 | external |
| generics.swift:59:9:59:25 | call to source6() | external |
| generics.swift:60:9:60:17 | .source7 | external |
| generics.swift:61:9:61:25 | call to source8() | external |
| generics.swift:62:9:62:18 | .source1 | external |
| generics.swift:63:9:63:18 | .source2 | external |
| generics.swift:64:9:64:26 | call to source3() | external |
| generics.swift:65:9:65:18 | .source9 | external |
| generics.swift:66:9:66:18 | .source10 | external |
| generics.swift:67:9:67:27 | call to source11() | external |
| generics.swift:68:9:68:18 | .source12 | external |
| generics.swift:69:9:69:27 | call to source13() | external |
| generics.swift:93:9:93:15 | .source0 | external |
| generics.swift:94:9:94:15 | .source1 | external |
| generics.swift:95:9:95:15 | .source2 | external |
| generics.swift:96:9:96:14 | .source0 | external |
| generics.swift:97:9:97:14 | .source1 | external |
| generics.swift:98:9:98:14 | .source2 | external |
| generics.swift:99:9:99:15 | .source0 | external |
| generics.swift:100:9:100:15 | .source1 | external |
| generics.swift:101:9:101:15 | .source2 | external |
| generics.swift:125:9:125:15 | .source0 | external |
| generics.swift:126:9:126:15 | .source1 | external |
| generics.swift:127:9:127:15 | .source2 | external |
| generics.swift:128:9:128:14 | .source0 | external |
| generics.swift:129:9:129:14 | .source1 | external |
| generics.swift:130:9:130:14 | .source2 | external |
| generics.swift:131:9:131:15 | .source0 | external |
| generics.swift:132:9:132:15 | .source1 | external |
| generics.swift:133:9:133:15 | .source2 | external |
| generics.swift:162:9:162:22 | call to source2() | external |
| generics.swift:163:9:163:22 | call to source3() | external |
| nsdata.swift:18:17:18:40 | call to NSData.init(contentsOf:) | external |
| nsdata.swift:19:17:19:53 | call to NSData.init(contentsOf:options:) | external |
| string.swift:56:21:56:44 | call to String.init(contentsOf:) | external |
| string.swift:57:21:57:77 | call to String.init(contentsOf:encoding:) | external |
| string.swift:59:21:59:69 | call to String.init(contentsOf:usedEncoding:) | external |
| string.swift:62:21:62:48 | call to String.init(contentsOfFile:) | external |
| string.swift:63:21:63:81 | call to String.init(contentsOfFile:encoding:) | external |
| string.swift:64:21:64:73 | call to String.init(contentsOfFile:usedEncoding:) | external |
| url.swift:53:15:53:19 | .resourceBytes | external |
| url.swift:60:15:60:19 | .lines | external |
| url.swift:67:16:67:22 | .lines | external |
| webview.swift:13:32:13:49 | decidePolicyFor | Navigation action of a WebView |
| webview.swift:14:32:14:49 | decidePolicyFor | Navigation action of a WebView |
| webview.swift:41:82:41:102 | message | external |
| webview.swift:46:5:46:13 | .globalObject | external |
| webview.swift:47:5:47:39 | call to objectForKeyedSubscript(_:) | external |
| webview.swift:60:9:60:9 | .tainted | Member of a type exposed through JSExport |
| webview.swift:64:10:64:10 | self | Member of a type exposed through JSExport |
| webview.swift:64:18:64:24 | arg1 | Member of a type exposed through JSExport |
| webview.swift:64:29:64:35 | arg2 | Member of a type exposed through JSExport |
| webview.swift:72:32:72:49 | decidePolicyFor | Navigation action of a WebView |
| webview.swift:73:32:73:49 | decidePolicyFor | Navigation action of a WebView |
| webview.swift:79:32:79:49 | decidePolicyFor | Navigation action of a WebView |
| webview.swift:80:32:80:49 | decidePolicyFor | Navigation action of a WebView |
